2026-07-02 00:21:21, MOVE, v:1, k:ed@arvore-path, mode:DOWN
2026-07-02 00:21:21, MOVE, v:1, k:ed@arvore-path, mode:EDIT
2026-07-02 00:28:40, MOVE, v:1, k:ed@soma, mode:PICK
2026-07-02 00:28:43, EXEC, v:1, k:ed@soma, mode:FULL, rate:100
2026-07-02 00:30:01, MOVE, v:1, k:ed@soma, mode:BACK
2026-07-02 00:30:47, MOVE, v:1, k:ed@soma, mode:PICK
2026-07-02 00:30:49, EXEC, v:1, k:ed@soma, mode:FULL, rate:100
2026-07-02 00:31:23, EXEC, v:1, k:ed@soma, mode:FULL, rate:100, size:144
2026-07-02 00:31:24, MOVE, v:1, k:ed@soma, mode:BACK
2026-07-02 00:32:16, SELF, v:1, k:ed@soma, self:1, rate:100, study:15, friend:peguei Myshow de formatada
2026-07-02 00:32:30, MOVE, v:1, k:ed@arvore-path, mode:PICK
2026-07-02 00:32:31, EXEC, v:1, k:ed@arvore-path, mode:FULL, size:80, fail:COMP
2026-07-02 00:31:23, MOVE, v:1, k:ed@soma, mode:EDIT
2026-07-02 00:31:22, MOVE, v:1, k:ed@soma, mode:EDIT
2026-07-02 00:33:17, MOVE, v:1, k:ed@arvore-path, mode:EDIT
2026-07-02 00:39:39, EXEC, v:1, k:ed@arvore-path, mode:FULL, rate:0, size:83
2026-07-02 00:41:57, EXEC, v:1, k:ed@arvore-path, mode:FULL, size:90, fail:COMP
2026-07-02 00:42:05, EXEC, v:1, k:ed@arvore-path, mode:FULL, rate:25, size:90
2026-07-02 00:43:39, MOVE, v:1, k:ed@arvore-path, mode:EDIT
2026-07-02 00:42:05, MOVE, v:1, k:ed@arvore-path, mode:EDIT
2026-07-02 00:43:52, EXEC, v:1, k:ed@arvore-path, mode:FULL, rate:25, size:97
2026-07-02 00:44:14, MOVE, v:1, k:ed@arvore-path, mode:BACK
2026-07-02 00:44:58, MOVE, v:1, k:ed@arvore-path, mode:PICK
2026-07-02 00:46:06, MOVE, v:1, k:ed@arvore-path, mode:BACK
2026-07-02 00:46:12, MOVE, v:1, k:ed@arvore-path, mode:PICK
2026-07-02 00:46:13, EXEC, v:1, k:ed@arvore-path, mode:FULL, rate:25, size:99
2026-07-02 00:46:39, EXEC, v:1, k:ed@arvore-path, mode:FULL, rate:100, size:99
2026-07-02 00:46:48, MOVE, v:1, k:ed@arvore-path, mode:BACK
2026-07-02 00:47:21, SELF, v:1, k:ed@arvore-path, self:1, rate:100, study:15
2026-07-02 00:47:30, SELF, v:1, k:ed@arvore-path, self:1, rate:100, study:15, problem:1
2026-07-02 00:55:01, MOVE, v:1, k:ed@fila_enc, mode:PICK
2026-07-02 00:55:02, MOVE, v:1, k:ed@fila_enc, mode:BACK
2026-07-02 00:55:12, MOVE, v:1, k:ed@pilha, mode:DOWN
2026-07-02 00:55:35, MOVE, v:1, k:ed@bst_insert, mode:DOWN
2026-07-02 00:55:42, MOVE, v:1, k:ed@bst_insert, mode:PICK
2026-07-02 00:56:49, EXEC, v:1, k:ed@bst_insert, mode:FULL, rate:0, size:66
2026-07-02 00:55:12, MOVE, v:1, k:ed@pilha, mode:EDIT
2026-07-02 00:55:12, MOVE, v:1, k:ed@pilha, mode:EDIT
2026-07-02 00:55:35, MOVE, v:1, k:ed@bst_insert, mode:EDIT
2026-07-02 00:57:37, MOVE, v:1, k:ed@bst_insert, mode:EDIT
2026-07-02 00:56:49, MOVE, v:1, k:ed@bst_insert, mode:EDIT
2026-07-02 01:02:24, MOVE, v:1, k:ed@bst_insert, mode:EDIT
2026-07-02 01:03:46, EXEC, v:1, k:ed@bst_insert, mode:FULL, rate:0, size:82
2026-07-02 01:05:12, EXEC, v:1, k:ed@bst_insert, mode:FULL, rate:0, size:89
2026-07-02 01:06:09, EXEC, v:1, k:ed@bst_insert, mode:FULL, rate:0, size:87
2026-07-02 01:06:07, MOVE, v:1, k:ed@bst_insert, mode:EDIT
2026-07-02 01:06:09, MOVE, v:1, k:ed@bst_insert, mode:EDIT
2026-07-02 01:08:43, MOVE, v:1, k:ed@bst_insert, mode:BACK
2026-07-02 01:09:00, MOVE, v:1, k:ed@bst_insert, mode:PICK
2026-07-02 01:09:04, EXEC, v:1, k:ed@bst_insert, mode:FULL, rate:0, size:87
2026-07-02 01:10:45, EXEC, v:1, k:ed@bst_insert, mode:FULL, rate:100, size:87
2026-07-02 01:11:00, MOVE, v:1, k:ed@bst_insert, mode:BACK
2026-07-02 01:11:36, SELF, v:1, k:ed@bst_insert, self:1, rate:100, study:20
2026-07-02 01:11:46, MOVE, v:1, k:ed@bst_serial, mode:DOWN
