2026-05-19 00:02:07, EXEC, v:1, k:ed@ilhas, mode:FULL, size:39, fail:COMP
2026-05-19 00:03:22, MOVE, v:1, k:ed@ilhas, mode:EDIT
2026-05-19 00:08:56, MOVE, v:1, k:ed@ilhas, mode:EDIT
2026-05-19 00:09:38, EXEC, v:1, k:ed@ilhas, mode:FULL, rate:50, size:57
2026-05-19 00:10:14, EXEC, v:1, k:ed@ilhas, mode:FULL, rate:50, size:57
2026-05-19 00:10:26, EXEC, v:1, k:ed@ilhas, mode:FULL, rate:50, size:57
2026-05-19 00:10:25, MOVE, v:1, k:ed@ilhas, mode:EDIT
2026-05-19 00:10:26, MOVE, v:1, k:ed@ilhas, mode:EDIT
2026-05-19 00:14:55, EXEC, v:1, k:ed@ilhas, mode:FULL, rate:50
2026-05-19 00:15:00, MOVE, v:1, k:ed@ilhas, mode:BACK
2026-05-19 00:15:11, MOVE, v:1, k:ed@ilhas, mode:PICK
2026-05-19 00:15:14, EXEC, v:1, k:ed@ilhas, mode:FULL, rate:50
2026-05-19 00:15:14, MOVE, v:1, k:ed@ilhas, mode:EDIT
2026-05-19 00:18:33, MOVE, v:1, k:ed@ilhas, mode:EDIT
2026-05-19 00:24:59, EXEC, v:1, k:ed@ilhas, mode:FULL, rate:100, size:57
2026-05-19 00:25:04, MOVE, v:1, k:ed@ilhas, mode:BACK
2026-05-19 00:25:58, MOVE, v:1, k:ed@ilhas, mode:PICK
2026-05-19 00:27:02, EXEC, v:1, k:ed@ilhas, mode:FULL, rate:100, size:57
2026-05-19 00:27:29, MOVE, v:1, k:ed@ilhas, mode:BACK
2026-05-19 00:27:50, SELF, v:1, k:ed@ilhas, self:1, rate:100, study:70, guided:1
