2026-04-14 00:00:11, EXEC, v:1, k:ed@fractais_png, mode:LOCK, rate:0, size:133
2026-04-14 00:00:34, EXEC, v:1, k:ed@fractais_png, mode:LOCK, rate:0
2026-04-14 00:01:16, MOVE, v:1, k:ed@fractais_png, mode:EDIT
2026-04-14 00:00:34, MOVE, v:1, k:ed@fractais_png, mode:EDIT
2026-04-14 00:00:34, MOVE, v:1, k:ed@fractais_png, mode:EDIT
2026-04-14 00:02:15, EXEC, v:1, k:ed@fractais_png, mode:LOCK, rate:0, size:132
2026-04-14 00:02:21, EXEC, v:1, k:ed@fractais_png, mode:LOCK, rate:0, size:132
2026-04-14 00:02:40, EXEC, v:1, k:ed@fractais_png, mode:LOCK, rate:0
2026-04-14 00:02:43, EXEC, v:1, k:ed@fractais_png, mode:LOCK, rate:0
2026-04-14 00:02:49, EXEC, v:1, k:ed@fractais_png, mode:LOCK, rate:0, size:132
2026-04-14 00:04:13, EXEC, v:1, k:ed@fractais_png, mode:LOCK, rate:0, size:132
2026-04-14 00:04:25, EXEC, v:1, k:ed@fractais_png, mode:LOCK, rate:0, size:132
2026-04-14 00:04:48, EXEC, v:1, k:ed@fractais_png, mode:LOCK, rate:0, size:132
2026-04-14 00:04:57, EXEC, v:1, k:ed@fractais_png, mode:LOCK, rate:0, size:132
2026-04-14 00:05:21, EXEC, v:1, k:ed@fractais_png, mode:LOCK, rate:0, size:132
2026-04-14 00:05:30, EXEC, v:1, k:ed@fractais_png, mode:LOCK, rate:0, size:132
2026-04-14 00:05:51, EXEC, v:1, k:ed@fractais_png, mode:LOCK, rate:0, size:132
2026-04-14 00:06:01, EXEC, v:1, k:ed@fractais_png, mode:LOCK, rate:0, size:132
2026-04-14 00:06:12, EXEC, v:1, k:ed@fractais_png, mode:LOCK, rate:0, size:132
2026-04-14 00:06:20, EXEC, v:1, k:ed@fractais_png, mode:LOCK, rate:0, size:132
2026-04-14 00:06:31, EXEC, v:1, k:ed@fractais_png, mode:LOCK, rate:0, size:132
2026-04-14 00:06:39, EXEC, v:1, k:ed@fractais_png, mode:LOCK, rate:0, size:132
2026-04-14 00:06:48, EXEC, v:1, k:ed@fractais_png, mode:LOCK, rate:0, size:132
2026-04-14 00:06:48, MOVE, v:1, k:ed@fractais_png, mode:EDIT
2026-04-14 00:06:48, MOVE, v:1, k:ed@fractais_png, mode:EDIT
2026-04-14 00:06:48, MOVE, v:1, k:ed@fractais_png, mode:EDIT
2026-04-14 00:08:45, EXEC, v:1, k:ed@fractais_png, mode:FULL, size:135, fail:COMP
2026-04-14 00:08:52, EXEC, v:1, k:ed@fractais_png, mode:LOCK, rate:0, size:135
2026-04-14 00:09:15, EXEC, v:1, k:ed@fractais_png, mode:LOCK, rate:0, size:135
2026-04-14 00:09:36, EXEC, v:1, k:ed@fractais_png, mode:LOCK, rate:0, size:135
2026-04-14 00:09:58, EXEC, v:1, k:ed@fractais_png, mode:LOCK, rate:0, size:135
2026-04-14 00:10:22, EXEC, v:1, k:ed@fractais_png, mode:LOCK, rate:0, size:135
2026-04-14 00:10:45, EXEC, v:1, k:ed@fractais_png, mode:LOCK, rate:0, size:135
2026-04-14 00:10:58, EXEC, v:1, k:ed@fractais_png, mode:LOCK, rate:0, size:135
2026-04-14 00:11:07, EXEC, v:1, k:ed@fractais_png, mode:LOCK, rate:0, size:135
2026-04-14 00:11:15, EXEC, v:1, k:ed@fractais_png, mode:LOCK, rate:0, size:135
2026-04-14 00:11:27, EXEC, v:1, k:ed@fractais_png, mode:LOCK, rate:0, size:135
2026-04-14 00:11:35, EXEC, v:1, k:ed@fractais_png, mode:LOCK, rate:0, size:135
2026-04-14 00:11:41, EXEC, v:1, k:ed@fractais_png, mode:LOCK, rate:0, size:135
2026-04-14 00:11:41, MOVE, v:1, k:ed@fractais_png, mode:EDIT
2026-04-14 00:11:41, MOVE, v:1, k:ed@fractais_png, mode:EDIT
2026-04-14 00:11:41, MOVE, v:1, k:ed@fractais_png, mode:EDIT
2026-04-14 00:12:23, EXEC, v:1, k:ed@fractais_png, mode:LOCK, rate:0, size:135
2026-04-14 00:12:30, EXEC, v:1, k:ed@fractais_png, mode:LOCK, rate:0, size:135
2026-04-14 00:12:33, EXEC, v:1, k:ed@fractais_png, mode:FREE
2026-04-14 00:12:59, EXEC, v:1, k:ed@fractais_png, mode:LOCK, rate:0, size:135
2026-04-14 00:13:08, EXEC, v:1, k:ed@fractais_png, mode:LOCK, rate:0, size:135
2026-04-14 00:13:14, EXEC, v:1, k:ed@fractais_png, mode:LOCK, rate:0, size:135
2026-04-14 00:13:23, EXEC, v:1, k:ed@fractais_png, mode:LOCK, rate:0, size:135
2026-04-14 00:13:30, EXEC, v:1, k:ed@fractais_png, mode:LOCK, rate:0, size:135
2026-04-14 00:13:43, EXEC, v:1, k:ed@fractais_png, mode:LOCK, rate:0, size:135
2026-04-14 00:13:56, EXEC, v:1, k:ed@fractais_png, mode:LOCK, rate:0, size:135
2026-04-14 00:14:07, EXEC, v:1, k:ed@fractais_png, mode:LOCK, rate:0, size:135
2026-04-14 00:14:14, EXEC, v:1, k:ed@fractais_png, mode:LOCK, rate:0, size:135
2026-04-14 00:14:22, EXEC, v:1, k:ed@fractais_png, mode:LOCK, rate:0, size:135
2026-04-14 00:14:33, EXEC, v:1, k:ed@fractais_png, mode:LOCK, rate:0, size:135
2026-04-14 00:15:12, EXEC, v:1, k:ed@fractais_png, mode:LOCK, rate:0, size:135
2026-04-14 00:15:19, EXEC, v:1, k:ed@fractais_png, mode:LOCK, rate:0, size:135
2026-04-14 00:15:33, EXEC, v:1, k:ed@fractais_png, mode:LOCK, rate:0, size:135
2026-04-14 00:15:45, EXEC, v:1, k:ed@fractais_png, mode:LOCK, rate:0, size:135
2026-04-14 00:15:53, EXEC, v:1, k:ed@fractais_png, mode:LOCK, rate:0, size:135
2026-04-14 00:15:59, EXEC, v:1, k:ed@fractais_png, mode:LOCK, rate:0, size:135
2026-04-14 00:16:04, EXEC, v:1, k:ed@fractais_png, mode:LOCK, rate:0, size:135
2026-04-14 00:16:11, EXEC, v:1, k:ed@fractais_png, mode:LOCK, rate:0, size:135
2026-04-14 00:16:17, EXEC, v:1, k:ed@fractais_png, mode:LOCK, rate:0
2026-04-14 00:16:50, EXEC, v:1, k:ed@fractais_png, mode:LOCK, rate:0, size:135
2026-04-14 00:16:49, MOVE, v:1, k:ed@fractais_png, mode:EDIT
2026-04-14 00:16:50, MOVE, v:1, k:ed@fractais_png, mode:EDIT
2026-04-14 00:16:50, MOVE, v:1, k:ed@fractais_png, mode:EDIT
2026-04-14 00:17:00, EXEC, v:1, k:ed@fractais_png, mode:LOCK, rate:0, size:135
2026-04-14 00:17:06, EXEC, v:1, k:ed@fractais_png, mode:LOCK, rate:0, size:135
2026-04-14 00:19:58, EXEC, v:1, k:ed@fractais_png, mode:LOCK, rate:0
2026-04-14 00:20:04, EXEC, v:1, k:ed@fractais_png, mode:LOCK, rate:0, size:135
2026-04-14 00:20:12, EXEC, v:1, k:ed@fractais_png, mode:LOCK, rate:0, size:135
2026-04-14 00:20:22, EXEC, v:1, k:ed@fractais_png, mode:LOCK, rate:0, size:135
2026-04-14 00:20:27, EXEC, v:1, k:ed@fractais_png, mode:LOCK, rate:0, size:135
2026-04-14 00:20:27, MOVE, v:1, k:ed@fractais_png, mode:EDIT
2026-04-14 00:20:27, MOVE, v:1, k:ed@fractais_png, mode:EDIT
2026-04-14 00:20:27, MOVE, v:1, k:ed@fractais_png, mode:EDIT
2026-04-14 00:24:14, EXEC, v:1, k:ed@fractais_png, mode:LOCK, rate:0
2026-04-14 00:24:14, MOVE, v:1, k:ed@fractais_png, mode:EDIT
2026-04-14 00:24:14, MOVE, v:1, k:ed@fractais_png, mode:EDIT
2026-04-14 00:25:19, MOVE, v:1, k:ed@fractais_png, mode:EDIT
2026-04-14 00:28:58, EXEC, v:1, k:ed@fractais_png, mode:LOCK, rate:0, size:136
2026-04-14 00:29:25, EXEC, v:1, k:ed@fractais_png, mode:LOCK, rate:0, size:136
2026-04-14 00:29:41, EXEC, v:1, k:ed@fractais_png, mode:LOCK, rate:0, size:135
2026-04-14 00:30:09, EXEC, v:1, k:ed@fractais_png, mode:LOCK, rate:0, size:136
2026-04-14 00:30:23, EXEC, v:1, k:ed@fractais_png, mode:LOCK, rate:0, size:136
2026-04-14 00:31:33, EXEC, v:1, k:ed@fractais_png, mode:LOCK, rate:0, size:136
2026-04-14 00:31:32, MOVE, v:1, k:ed@fractais_png, mode:EDIT
2026-04-14 00:31:33, MOVE, v:1, k:ed@fractais_png, mode:EDIT
2026-04-14 00:31:33, MOVE, v:1, k:ed@fractais_png, mode:EDIT
2026-04-14 00:32:12, EXEC, v:1, k:ed@fractais_png, mode:LOCK, rate:0, size:136
2026-04-14 00:32:20, EXEC, v:1, k:ed@fractais_png, mode:LOCK, rate:0, size:136
2026-04-14 00:32:27, EXEC, v:1, k:ed@fractais_png, mode:LOCK, rate:0, size:136
2026-04-14 00:32:58, EXEC, v:1, k:ed@fractais_png, mode:LOCK, rate:0, size:136
2026-04-14 00:34:20, EXEC, v:1, k:ed@fractais_png, mode:LOCK, rate:0, size:136
2026-04-14 00:34:37, EXEC, v:1, k:ed@fractais_png, mode:LOCK, rate:0, size:136
2026-04-14 00:36:38, MOVE, v:1, k:ed@fractais_png, mode:EDIT
2026-04-14 00:34:37, MOVE, v:1, k:ed@fractais_png, mode:EDIT
2026-04-14 00:34:37, MOVE, v:1, k:ed@fractais_png, mode:EDIT
2026-04-14 00:37:53, EXEC, v:1, k:ed@fractais_png, mode:LOCK, rate:0, size:135
2026-04-14 00:38:10, EXEC, v:1, k:ed@fractais_png, mode:LOCK, rate:0, size:135
2026-04-14 00:38:25, EXEC, v:1, k:ed@fractais_png, mode:LOCK, rate:0, size:135
2026-04-14 00:39:02, EXEC, v:1, k:ed@fractais_png, mode:LOCK, rate:0
2026-04-14 00:39:25, EXEC, v:1, k:ed@fractais_png, mode:LOCK, rate:0, size:135
2026-04-14 00:39:33, EXEC, v:1, k:ed@fractais_png, mode:LOCK, rate:0, size:135
2026-04-14 00:39:40, EXEC, v:1, k:ed@fractais_png, mode:LOCK, rate:0, size:135
2026-04-14 00:39:39, MOVE, v:1, k:ed@fractais_png, mode:EDIT
2026-04-14 00:39:40, MOVE, v:1, k:ed@fractais_png, mode:EDIT
2026-04-14 00:39:47, MOVE, v:1, k:ed@fractais_png, mode:EDIT
2026-04-14 00:42:10, EXEC, v:1, k:ed@fractais_png, mode:LOCK, rate:0
2026-04-14 00:43:25, EXEC, v:1, k:ed@fractais_png, mode:LOCK, rate:0
2026-04-14 00:43:35, EXEC, v:1, k:ed@fractais_png, mode:LOCK, rate:0, size:135
2026-04-14 00:43:43, EXEC, v:1, k:ed@fractais_png, mode:LOCK, rate:0, size:135
2026-04-14 00:43:50, EXEC, v:1, k:ed@fractais_png, mode:LOCK, rate:0, size:135
2026-04-14 00:44:02, EXEC, v:1, k:ed@fractais_png, mode:LOCK, rate:0, size:135
2026-04-14 00:44:08, EXEC, v:1, k:ed@fractais_png, mode:LOCK, rate:0, size:135
2026-04-14 00:44:32, EXEC, v:1, k:ed@fractais_png, mode:LOCK, rate:0, size:135
2026-04-14 00:45:26, EXEC, v:1, k:ed@fractais_png, mode:LOCK, rate:0, size:135
2026-04-14 00:45:32, EXEC, v:1, k:ed@fractais_png, mode:LOCK, rate:0, size:135
2026-04-14 00:45:41, EXEC, v:1, k:ed@fractais_png, mode:LOCK, rate:0, size:135
2026-04-14 00:45:56, EXEC, v:1, k:ed@fractais_png, mode:LOCK, rate:0, size:135
2026-04-14 00:46:03, EXEC, v:1, k:ed@fractais_png, mode:LOCK, rate:0, size:135
2026-04-14 00:46:18, EXEC, v:1, k:ed@fractais_png, mode:LOCK, rate:0, size:135
2026-04-14 00:46:18, MOVE, v:1, k:ed@fractais_png, mode:EDIT
2026-04-14 00:46:18, MOVE, v:1, k:ed@fractais_png, mode:EDIT
2026-04-14 00:46:17, MOVE, v:1, k:ed@fractais_png, mode:EDIT
2026-04-14 00:57:54, EXEC, v:1, k:ed@fractais_png, mode:LOCK, rate:0, size:135
2026-04-14 00:58:42, EXEC, v:1, k:ed@fractais_png, mode:LOCK, rate:0, size:135
2026-04-14 00:58:45, EXEC, v:1, k:ed@fractais_png, mode:LOCK, rate:0
2026-04-14 00:58:47, EXEC, v:1, k:ed@fractais_png, mode:LOCK, rate:0
2026-04-14 00:58:49, EXEC, v:1, k:ed@fractais_png, mode:LOCK, rate:0
2026-04-14 00:59:09, EXEC, v:1, k:ed@fractais_png, mode:LOCK, rate:0, size:135
2026-04-14 00:59:15, EXEC, v:1, k:ed@fractais_png, mode:LOCK, rate:0, size:135
2026-04-14 00:59:23, EXEC, v:1, k:ed@fractais_png, mode:LOCK, rate:0, size:135
2026-04-14 00:59:36, EXEC, v:1, k:ed@fractais_png, mode:LOCK, rate:0, size:135
2026-04-14 00:59:58, EXEC, v:1, k:ed@fractais_png, mode:LOCK, rate:0, size:135
2026-04-14 01:00:07, EXEC, v:1, k:ed@fractais_png, mode:LOCK, rate:0, size:135
2026-04-14 01:00:14, EXEC, v:1, k:ed@fractais_png, mode:LOCK, rate:0, size:135
2026-04-14 01:00:13, MOVE, v:1, k:ed@fractais_png, mode:EDIT
2026-04-14 01:00:14, MOVE, v:1, k:ed@fractais_png, mode:EDIT
2026-04-14 01:00:14, MOVE, v:1, k:ed@fractais_png, mode:EDIT
2026-04-14 01:02:54, EXEC, v:1, k:ed@fractais_png, mode:LOCK, rate:0, size:135
2026-04-14 01:03:05, EXEC, v:1, k:ed@fractais_png, mode:LOCK, rate:0, size:135
2026-04-14 01:03:40, EXEC, v:1, k:ed@fractais_png, mode:LOCK, rate:0, size:135
2026-04-14 01:03:47, EXEC, v:1, k:ed@fractais_png, mode:LOCK, rate:0, size:135
2026-04-14 01:03:52, EXEC, v:1, k:ed@fractais_png, mode:LOCK, rate:0, size:135
2026-04-14 01:04:00, EXEC, v:1, k:ed@fractais_png, mode:LOCK, rate:0, size:135
2026-04-14 01:04:07, EXEC, v:1, k:ed@fractais_png, mode:LOCK, rate:0, size:135
2026-04-14 01:04:21, EXEC, v:1, k:ed@fractais_png, mode:LOCK, rate:0, size:135
2026-04-14 01:04:27, EXEC, v:1, k:ed@fractais_png, mode:LOCK, rate:0, size:135
2026-04-14 01:04:44, EXEC, v:1, k:ed@fractais_png, mode:LOCK, rate:0, size:135
2026-04-14 01:04:52, EXEC, v:1, k:ed@fractais_png, mode:LOCK, rate:0, size:135
2026-04-14 01:04:58, EXEC, v:1, k:ed@fractais_png, mode:LOCK, rate:0, size:135
2026-04-14 01:05:15, EXEC, v:1, k:ed@fractais_png, mode:LOCK, rate:0, size:135
2026-04-14 01:05:22, EXEC, v:1, k:ed@fractais_png, mode:LOCK, rate:0, size:135
2026-04-14 01:05:41, EXEC, v:1, k:ed@fractais_png, mode:LOCK, rate:0, size:135
2026-04-14 01:05:52, EXEC, v:1, k:ed@fractais_png, mode:LOCK, rate:0, size:135
2026-04-14 01:06:11, EXEC, v:1, k:ed@fractais_png, mode:LOCK, rate:0, size:135
2026-04-14 01:06:35, EXEC, v:1, k:ed@fractais_png, mode:LOCK, rate:0, size:135
2026-04-14 01:06:43, EXEC, v:1, k:ed@fractais_png, mode:LOCK, rate:0, size:135
2026-04-14 01:06:52, EXEC, v:1, k:ed@fractais_png, mode:LOCK, rate:0, size:135
2026-04-14 01:06:51, MOVE, v:1, k:ed@fractais_png, mode:EDIT
2026-04-14 01:06:52, MOVE, v:1, k:ed@fractais_png, mode:EDIT
2026-04-14 01:06:52, MOVE, v:1, k:ed@fractais_png, mode:EDIT
2026-04-14 01:06:59, EXEC, v:1, k:ed@fractais_png, mode:LOCK, rate:0, size:135
2026-04-14 01:07:05, EXEC, v:1, k:ed@fractais_png, mode:LOCK, rate:0, size:135
2026-04-14 01:07:19, EXEC, v:1, k:ed@fractais_png, mode:LOCK, rate:0, size:135
2026-04-14 01:07:45, EXEC, v:1, k:ed@fractais_png, mode:LOCK, rate:0, size:135
2026-04-14 01:07:56, EXEC, v:1, k:ed@fractais_png, mode:LOCK, rate:0, size:135
2026-04-14 01:08:07, EXEC, v:1, k:ed@fractais_png, mode:LOCK, rate:0, size:135
2026-04-14 01:08:13, EXEC, v:1, k:ed@fractais_png, mode:LOCK, rate:0, size:135
2026-04-14 01:08:22, EXEC, v:1, k:ed@fractais_png, mode:LOCK, rate:0, size:135
2026-04-14 01:08:32, EXEC, v:1, k:ed@fractais_png, mode:LOCK, rate:0, size:135
2026-04-14 01:08:43, EXEC, v:1, k:ed@fractais_png, mode:LOCK, rate:0, size:135
2026-04-14 01:08:42, MOVE, v:1, k:ed@fractais_png, mode:EDIT
2026-04-14 01:08:43, MOVE, v:1, k:ed@fractais_png, mode:EDIT
2026-04-14 01:08:43, MOVE, v:1, k:ed@fractais_png, mode:EDIT
2026-04-14 01:13:02, EXEC, v:1, k:ed@fractais_png, mode:LOCK, rate:0, size:135
2026-04-14 01:16:13, EXEC, v:1, k:ed@fractais_png, mode:LOCK, rate:0, size:135
2026-04-14 01:16:26, EXEC, v:1, k:ed@fractais_png, mode:LOCK, rate:0, size:135
2026-04-14 01:16:38, EXEC, v:1, k:ed@fractais_png, mode:LOCK, rate:0, size:135
2026-04-14 01:16:46, EXEC, v:1, k:ed@fractais_png, mode:LOCK, rate:0, size:135
2026-04-14 01:16:52, MOVE, v:1, k:ed@fractais_png, mode:EDIT
2026-04-14 01:16:45, MOVE, v:1, k:ed@fractais_png, mode:EDIT
2026-04-14 01:16:46, MOVE, v:1, k:ed@fractais_png, mode:EDIT
2026-04-14 01:16:54, EXEC, v:1, k:ed@fractais_png, mode:LOCK, rate:0, size:135
2026-04-14 01:17:00, EXEC, v:1, k:ed@fractais_png, mode:LOCK, rate:0, size:135
2026-04-14 01:17:12, EXEC, v:1, k:ed@fractais_png, mode:LOCK, rate:0, size:135
2026-04-14 01:19:09, EXEC, v:1, k:ed@fractais_png, mode:LOCK, rate:0, size:135
2026-04-14 01:19:20, EXEC, v:1, k:ed@fractais_png, mode:LOCK, rate:0, size:135
2026-04-14 01:19:27, EXEC, v:1, k:ed@fractais_png, mode:LOCK, rate:0, size:135
2026-04-14 01:19:34, EXEC, v:1, k:ed@fractais_png, mode:LOCK, rate:0, size:135
2026-04-14 01:19:44, EXEC, v:1, k:ed@fractais_png, mode:LOCK, rate:0, size:135
2026-04-14 01:19:54, EXEC, v:1, k:ed@fractais_png, mode:LOCK, rate:0, size:135
2026-04-14 01:20:02, EXEC, v:1, k:ed@fractais_png, mode:LOCK, rate:0, size:135
2026-04-14 01:20:08, EXEC, v:1, k:ed@fractais_png, mode:LOCK, rate:0, size:135
2026-04-14 01:20:14, EXEC, v:1, k:ed@fractais_png, mode:LOCK, rate:0, size:135
2026-04-14 01:20:13, MOVE, v:1, k:ed@fractais_png, mode:EDIT
2026-04-14 01:20:13, MOVE, v:1, k:ed@fractais_png, mode:EDIT
2026-04-14 01:20:14, MOVE, v:1, k:ed@fractais_png, mode:EDIT
2026-04-14 01:24:35, EXEC, v:1, k:ed@fractais_png, mode:LOCK, rate:0
2026-04-14 01:24:42, MOVE, v:1, k:ed@fractais_png, mode:BACK
2026-04-14 01:26:20, SELF, v:1, k:ed@fractais_png, self:1, rate:20, study:45, friend:Wellington, problem:1
2026-04-14 01:24:35, MOVE, v:1, k:ed@fractais_png, mode:EDIT
2026-04-14 01:24:35, MOVE, v:1, k:ed@fractais_png, mode:EDIT
2026-04-14 01:26:44, MOVE, v:1, k:ed@fractais_png, mode:EDIT
2026-04-14 01:27:09, SELF, v:1, k:ed@fractais_png, self:1, rate:20, study:105, friend:Wellington, problem:1
2026-04-14 01:27:18, SELF, v:1, k:ed@fractais_png, self:1, rate:20, study:105, friend:Wellington, problem:1
2026-04-14 01:27:18, MOVE, v:1, k:ed@fractais_png, mode:PICK
2026-04-14 01:27:18, EXEC, v:1, k:ed@fractais_png, mode:LOCK, rate:0, size:137
2026-04-14 01:27:19, EXEC, v:1, k:ed@fractais_png, mode:LOCK, rate:0
2026-04-14 01:27:19, EXEC, v:1, k:ed@fractais_png, mode:LOCK, rate:0
2026-04-14 01:27:20, EXEC, v:1, k:ed@fractais_png, mode:LOCK, rate:0
2026-04-14 01:27:20, EXEC, v:1, k:ed@fractais_png, mode:LOCK, rate:0
2026-04-14 01:27:21, EXEC, v:1, k:ed@fractais_png, mode:LOCK, rate:0
2026-04-14 01:27:21, EXEC, v:1, k:ed@fractais_png, mode:LOCK, rate:0
2026-04-14 01:27:22, EXEC, v:1, k:ed@fractais_png, mode:LOCK, rate:0
2026-04-14 01:27:22, EXEC, v:1, k:ed@fractais_png, mode:LOCK, rate:0
2026-04-14 01:27:23, EXEC, v:1, k:ed@fractais_png, mode:LOCK, rate:0
2026-04-14 01:27:23, EXEC, v:1, k:ed@fractais_png, mode:LOCK, rate:0
2026-04-14 01:27:23, EXEC, v:1, k:ed@fractais_png, mode:LOCK, rate:0
2026-04-14 01:27:24, MOVE, v:1, k:ed@fractais_png, mode:BACK
2026-04-14 01:27:49, MOVE, v:1, k:ed@fractais_png, mode:PICK
2026-04-14 01:27:52, EXEC, v:1, k:ed@fractais_png, mode:LOCK, rate:0, size:137
2026-04-14 01:28:26, EXEC, v:1, k:ed@fractais_png, mode:LOCK, rate:0, size:137
2026-04-14 01:28:33, EXEC, v:1, k:ed@fractais_png, mode:LOCK, rate:0, size:137
2026-04-14 01:28:45, EXEC, v:1, k:ed@fractais_png, mode:LOCK, rate:0, size:137
2026-04-14 01:28:55, EXEC, v:1, k:ed@fractais_png, mode:LOCK, rate:0, size:137
2026-04-14 01:29:03, EXEC, v:1, k:ed@fractais_png, mode:LOCK, rate:0, size:137
2026-04-14 01:29:10, EXEC, v:1, k:ed@fractais_png, mode:LOCK, rate:0, size:137
2026-04-14 01:29:17, EXEC, v:1, k:ed@fractais_png, mode:LOCK, rate:0, size:137
2026-04-14 01:29:29, EXEC, v:1, k:ed@fractais_png, mode:LOCK, rate:0, size:137
2026-04-14 01:29:37, EXEC, v:1, k:ed@fractais_png, mode:LOCK, rate:0, size:137
2026-04-14 01:29:42, EXEC, v:1, k:ed@fractais_png, mode:LOCK, rate:0, size:137
2026-04-14 01:29:47, EXEC, v:1, k:ed@fractais_png, mode:LOCK, rate:0, size:137
2026-04-14 01:29:58, EXEC, v:1, k:ed@fractais_png, mode:LOCK, rate:0, size:137
2026-04-14 01:30:07, EXEC, v:1, k:ed@fractais_png, mode:LOCK, rate:0, size:137
2026-04-14 01:30:14, EXEC, v:1, k:ed@fractais_png, mode:LOCK, rate:0, size:137
2026-04-14 01:30:21, EXEC, v:1, k:ed@fractais_png, mode:LOCK, rate:0, size:137
2026-04-14 01:30:29, EXEC, v:1, k:ed@fractais_png, mode:LOCK, rate:0, size:137
2026-04-14 01:30:36, EXEC, v:1, k:ed@fractais_png, mode:LOCK, rate:0, size:137
2026-04-14 01:30:42, EXEC, v:1, k:ed@fractais_png, mode:LOCK, rate:0, size:137
2026-04-14 01:30:47, EXEC, v:1, k:ed@fractais_png, mode:LOCK, rate:0, size:137
2026-04-14 01:30:54, EXEC, v:1, k:ed@fractais_png, mode:LOCK, rate:0, size:137
2026-04-14 01:30:59, EXEC, v:1, k:ed@fractais_png, mode:LOCK, rate:0, size:137
2026-04-14 01:31:09, EXEC, v:1, k:ed@fractais_png, mode:LOCK, rate:0, size:137
2026-04-14 01:31:18, EXEC, v:1, k:ed@fractais_png, mode:LOCK, rate:0, size:137
2026-04-14 01:31:24, EXEC, v:1, k:ed@fractais_png, mode:LOCK, rate:0, size:137
2026-04-14 01:31:34, EXEC, v:1, k:ed@fractais_png, mode:LOCK, rate:0, size:137
2026-04-14 01:31:41, EXEC, v:1, k:ed@fractais_png, mode:LOCK, rate:0, size:137
2026-04-14 01:31:52, EXEC, v:1, k:ed@fractais_png, mode:LOCK, rate:0, size:137
2026-04-14 01:31:51, MOVE, v:1, k:ed@fractais_png, mode:EDIT
2026-04-14 01:27:23, MOVE, v:1, k:ed@fractais_png, mode:EDIT
2026-04-14 01:31:51, MOVE, v:1, k:ed@fractais_png, mode:EDIT
2026-04-14 01:31:52, MOVE, v:1, k:ed@fractais_png, mode:EDIT
2026-04-14 01:32:01, EXEC, v:1, k:ed@fractais_png, mode:LOCK, rate:0, size:137
2026-04-14 01:32:08, EXEC, v:1, k:ed@fractais_png, mode:LOCK, rate:0, size:137
2026-04-14 01:32:15, EXEC, v:1, k:ed@fractais_png, mode:LOCK, rate:0, size:137
2026-04-14 01:32:21, EXEC, v:1, k:ed@fractais_png, mode:LOCK, rate:0, size:137
2026-04-14 01:32:27, EXEC, v:1, k:ed@fractais_png, mode:LOCK, rate:0, size:137
2026-04-14 01:32:33, EXEC, v:1, k:ed@fractais_png, mode:LOCK, rate:0, size:137
2026-04-14 01:32:38, EXEC, v:1, k:ed@fractais_png, mode:FREE
2026-04-14 01:32:45, EXEC, v:1, k:ed@fractais_png, mode:LOCK, rate:0, size:137
2026-04-14 01:32:50, EXEC, v:1, k:ed@fractais_png, mode:LOCK, rate:0, size:137
2026-04-14 01:33:03, EXEC, v:1, k:ed@fractais_png, mode:LOCK, rate:0, size:137
2026-04-14 01:33:09, EXEC, v:1, k:ed@fractais_png, mode:LOCK, rate:0, size:137
2026-04-14 01:33:14, EXEC, v:1, k:ed@fractais_png, mode:LOCK, rate:0, size:137
2026-04-14 01:33:20, EXEC, v:1, k:ed@fractais_png, mode:LOCK, rate:0, size:137
2026-04-14 01:33:27, EXEC, v:1, k:ed@fractais_png, mode:LOCK, rate:0, size:137
2026-04-14 01:33:34, EXEC, v:1, k:ed@fractais_png, mode:LOCK, rate:0, size:137
2026-04-14 01:33:43, EXEC, v:1, k:ed@fractais_png, mode:LOCK, rate:0, size:137
2026-04-14 01:33:53, EXEC, v:1, k:ed@fractais_png, mode:LOCK, rate:0, size:137
2026-04-14 01:34:03, EXEC, v:1, k:ed@fractais_png, mode:LOCK, rate:0, size:137
2026-04-14 01:34:12, EXEC, v:1, k:ed@fractais_png, mode:LOCK, rate:0, size:137
2026-04-14 01:34:25, EXEC, v:1, k:ed@fractais_png, mode:LOCK, rate:0, size:137
2026-04-14 01:35:37, EXEC, v:1, k:ed@fractais_png, mode:LOCK, rate:0, size:137
2026-04-14 01:35:38, EXEC, v:1, k:ed@fractais_png, mode:LOCK, rate:0
2026-04-14 01:35:38, EXEC, v:1, k:ed@fractais_png, mode:LOCK, rate:0
2026-04-14 01:35:39, SELF, v:1, k:ed@fractais_png, self:1, rate:20, study:105, friend:Wellington, problem:1
2026-04-14 01:35:40, EXEC, v:1, k:ed@fractais_png, mode:LOCK, rate:0
2026-04-14 01:35:40, EXEC, v:1, k:ed@fractais_png, mode:LOCK, rate:0
2026-04-14 01:35:40, EXEC, v:1, k:ed@fractais_png, mode:FREE
2026-04-14 01:35:48, EXEC, v:1, k:ed@fractais_png, mode:LOCK, rate:0
2026-04-14 01:36:47, MOVE, v:1, k:ed@fractais_png, mode:EDIT
2026-04-14 01:35:48, MOVE, v:1, k:ed@fractais_png, mode:EDIT
2026-04-14 01:35:48, MOVE, v:1, k:ed@fractais_png, mode:EDIT
2026-04-14 01:37:27, EXEC, v:1, k:ed@fractais_png, mode:LOCK, rate:0, size:137
2026-04-14 01:37:43, EXEC, v:1, k:ed@fractais_png, mode:LOCK, rate:0, size:137
2026-04-14 01:37:48, EXEC, v:1, k:ed@fractais_png, mode:LOCK, rate:0, size:137
2026-04-14 01:37:56, EXEC, v:1, k:ed@fractais_png, mode:LOCK, rate:0, size:137
2026-04-14 01:38:11, EXEC, v:1, k:ed@fractais_png, mode:LOCK, rate:0, size:137
2026-04-14 01:38:17, EXEC, v:1, k:ed@fractais_png, mode:LOCK, rate:0, size:137
2026-04-14 01:38:25, EXEC, v:1, k:ed@fractais_png, mode:LOCK, rate:0, size:137
2026-04-14 01:38:35, EXEC, v:1, k:ed@fractais_png, mode:LOCK, rate:0, size:137
2026-04-14 01:38:54, EXEC, v:1, k:ed@fractais_png, mode:LOCK, rate:0, size:137
2026-04-14 01:39:07, EXEC, v:1, k:ed@fractais_png, mode:LOCK, rate:0, size:137
2026-04-14 01:39:16, EXEC, v:1, k:ed@fractais_png, mode:LOCK, rate:0, size:137
2026-04-14 01:39:29, EXEC, v:1, k:ed@fractais_png, mode:LOCK, rate:0, size:137
2026-04-14 01:39:40, EXEC, v:1, k:ed@fractais_png, mode:LOCK, rate:0, size:137
2026-04-14 01:39:47, EXEC, v:1, k:ed@fractais_png, mode:LOCK, rate:0, size:137
2026-04-14 01:40:07, EXEC, v:1, k:ed@fractais_png, mode:LOCK, rate:0, size:137
2026-04-14 01:40:14, MOVE, v:1, k:ed@fractais_png, mode:BACK
2026-04-14 01:40:28, SELF, v:1, k:ed@fractais_png, self:1, rate:20, study:125, friend:Wellington, problem:1
