2026-04-13 20:31:03, MOVE, v:1, k:ed@fractais_png, mode:PICK
2026-04-13 20:31:07, EXEC, v:1, k:ed@fractais_png, mode:LOCK, rate:0
2026-04-13 20:32:40, EXEC, v:1, k:ed@fractais_png, mode:LOCK, rate:0, size:129
2026-04-13 20:32:55, EXEC, v:1, k:ed@fractais_png, mode:LOCK, rate:0, size:129
2026-04-13 20:33:15, EXEC, v:1, k:ed@fractais_png, mode:LOCK, rate:0, size:129
2026-04-13 20:33:53, EXEC, v:1, k:ed@fractais_png, mode:LOCK, rate:0
2026-04-13 20:34:23, EXEC, v:1, k:ed@fractais_png, mode:LOCK, rate:0
2026-04-13 20:34:24, EXEC, v:1, k:ed@fractais_png, mode:LOCK, rate:0
2026-04-13 20:34:31, EXEC, v:1, k:ed@fractais_png, mode:LOCK, rate:0
2026-04-13 20:38:19, EXEC, v:1, k:ed@fractais_png, mode:LOCK, rate:0, size:128
2026-04-13 20:38:35, EXEC, v:1, k:ed@fractais_png, mode:LOCK, rate:0, size:127
2026-04-13 20:39:01, EXEC, v:1, k:ed@fractais_png, mode:LOCK, rate:0
2026-04-13 20:40:23, EXEC, v:1, k:ed@fractais_png, mode:LOCK, rate:0, size:127
2026-04-13 20:40:39, EXEC, v:1, k:ed@fractais_png, mode:LOCK, rate:0, size:127
2026-04-13 20:41:11, EXEC, v:1, k:ed@fractais_png, mode:LOCK, rate:0, size:127
2026-04-13 20:41:47, MOVE, v:1, k:ed@fractais_png, mode:PICK
2026-04-13 20:41:50, EXEC, v:1, k:ed@fractais_png, mode:LOCK, rate:0, size:128
2026-04-13 20:42:28, MOVE, v:1, k:ed@fractais_png, mode:PICK
2026-04-13 20:42:31, EXEC, v:1, k:ed@fractais_png, mode:LOCK, rate:0, size:128
2026-04-13 20:42:54, EXEC, v:1, k:ed@fractais_png, mode:LOCK, rate:0, size:128
2026-04-13 20:43:23, EXEC, v:1, k:ed@fractais_png, mode:LOCK, rate:0, size:128
2026-04-13 20:43:42, EXEC, v:1, k:ed@fractais_png, mode:LOCK, rate:0, size:128
2026-04-13 20:45:36, EXEC, v:1, k:ed@fractais_png, mode:LOCK, rate:0, size:128
2026-04-13 20:45:57, EXEC, v:1, k:ed@fractais_png, mode:LOCK, rate:0, size:128
2026-04-13 20:46:10, EXEC, v:1, k:ed@fractais_png, mode:LOCK, rate:0, size:128
2026-04-13 20:46:19, EXEC, v:1, k:ed@fractais_png, mode:LOCK, rate:0, size:128
2026-04-13 20:46:19, MOVE, v:1, k:ed@fractais_png, mode:EDIT
2026-04-13 20:47:21, MOVE, v:1, k:ed@fractais_png, mode:EDIT
2026-04-13 20:46:19, MOVE, v:1, k:ed@fractais_png, mode:EDIT
2026-04-13 20:47:38, EXEC, v:1, k:ed@fractais_png, mode:LOCK, rate:0, size:128
2026-04-13 20:47:56, EXEC, v:1, k:ed@fractais_png, mode:LOCK, rate:0, size:128
2026-04-13 20:48:04, EXEC, v:1, k:ed@fractais_png, mode:LOCK, rate:0, size:128
2026-04-13 20:48:13, EXEC, v:1, k:ed@fractais_png, mode:LOCK, rate:0, size:128
2026-04-13 20:48:35, EXEC, v:1, k:ed@fractais_png, mode:LOCK, rate:0, size:128
2026-04-13 20:48:42, EXEC, v:1, k:ed@fractais_png, mode:LOCK, rate:0, size:128
2026-04-13 20:51:25, EXEC, v:1, k:ed@fractais_png, mode:LOCK, rate:0, size:129
2026-04-13 20:51:58, EXEC, v:1, k:ed@fractais_png, mode:LOCK, rate:0, size:129
2026-04-13 20:52:16, EXEC, v:1, k:ed@fractais_png, mode:LOCK, rate:0, size:129
2026-04-13 20:52:14, MOVE, v:1, k:ed@fractais_png, mode:EDIT
2026-04-13 20:52:16, MOVE, v:1, k:ed@fractais_png, mode:EDIT
2026-04-13 20:52:16, MOVE, v:1, k:ed@fractais_png, mode:EDIT
2026-04-13 20:52:28, EXEC, v:1, k:ed@fractais_png, mode:LOCK, rate:0, size:129
2026-04-13 20:52:34, EXEC, v:1, k:ed@fractais_png, mode:LOCK, rate:0, size:129
2026-04-13 20:53:01, EXEC, v:1, k:ed@fractais_png, mode:LOCK, rate:0, size:130
2026-04-13 20:54:22, EXEC, v:1, k:ed@fractais_png, mode:LOCK, rate:0, size:130
2026-04-13 20:54:25, EXEC, v:1, k:ed@fractais_png, mode:LOCK, rate:0
2026-04-13 20:54:27, EXEC, v:1, k:ed@fractais_png, mode:LOCK, rate:0
2026-04-13 20:56:46, MOVE, v:1, k:ed@fractais_png, mode:BACK
2026-04-13 20:54:21, MOVE, v:1, k:ed@fractais_png, mode:EDIT
2026-04-13 20:54:27, MOVE, v:1, k:ed@fractais_png, mode:EDIT
2026-04-13 20:54:27, MOVE, v:1, k:ed@fractais_png, mode:EDIT
2026-04-13 21:01:13, SELF, v:1, k:ed@fractais_png, self:1, rate:10, study:45, friend:Wellington
2026-04-13 21:01:29, SELF, v:1, k:ed@fractais_png, self:1, rate:10, study:45, friend:Wellington
2026-04-13 21:03:21, MOVE, v:1, k:ed@fractais_png, mode:PICK
2026-04-13 21:03:22, EXEC, v:1, k:ed@fractais_png, mode:LOCK, rate:0, size:130
2026-04-13 21:03:24, EXEC, v:1, k:ed@fractais_png, mode:LOCK, rate:0
2026-04-13 21:03:21, MOVE, v:1, k:ed@fractais_png, mode:EDIT
2026-04-13 21:03:24, MOVE, v:1, k:ed@fractais_png, mode:EDIT
2026-04-13 21:03:24, MOVE, v:1, k:ed@fractais_png, mode:EDIT
2026-04-13 22:40:06, MOVE, v:1, k:ed@fractais_png, mode:PICK
2026-04-13 22:40:10, EXEC, v:1, k:ed@fractais_png, mode:LOCK, rate:0, size:130
2026-04-13 22:40:55, EXEC, v:1, k:ed@fractais_png, mode:LOCK, rate:0, size:130
2026-04-13 22:41:19, MOVE, v:1, k:ed@fractais_png, mode:BACK
2026-04-13 22:41:46, SELF, v:1, k:ed@fractais_png, self:1, rate:10, study:45, friend:Wellington
2026-04-13 22:43:25, MOVE, v:1, k:ed@fractais_png, mode:PICK
2026-04-13 22:43:26, EXEC, v:1, k:ed@fractais_png, mode:LOCK, rate:0, size:130
2026-04-13 22:43:34, EXEC, v:1, k:ed@fractais_png, mode:LOCK, rate:0
2026-04-13 22:43:40, EXEC, v:1, k:ed@fractais_png, mode:LOCK, rate:0
2026-04-13 22:44:57, EXEC, v:1, k:ed@fractais_png, mode:LOCK, rate:0, size:130
2026-04-13 22:44:57, MOVE, v:1, k:ed@fractais_png, mode:EDIT
2026-04-13 22:40:55, MOVE, v:1, k:ed@fractais_png, mode:EDIT
2026-04-13 22:44:47, MOVE, v:1, k:ed@fractais_png, mode:EDIT
2026-04-13 22:44:57, MOVE, v:1, k:ed@fractais_png, mode:EDIT
2026-04-13 22:45:13, EXEC, v:1, k:ed@fractais_png, mode:LOCK, rate:0
2026-04-13 22:45:15, EXEC, v:1, k:ed@fractais_png, mode:LOCK, rate:0
2026-04-13 22:45:33, MOVE, v:1, k:ed@fractais_png, mode:BACK
2026-04-13 22:45:41, SELF, v:1, k:ed@fractais_png, self:1, rate:10, study:45, friend:Wellington
2026-04-13 22:45:41, MOVE, v:1, k:ed@fractais_png, mode:PICK
2026-04-13 22:45:57, MOVE, v:1, k:ed@fractais_png, mode:BACK
2026-04-13 22:51:27, MOVE, v:1, k:ed@fractais_png, mode:PICK
2026-04-13 22:51:36, EXEC, v:1, k:ed@fractais_png, mode:LOCK, rate:0
2026-04-13 22:51:38, EXEC, v:1, k:ed@fractais_png, mode:LOCK, rate:0
2026-04-13 22:51:39, EXEC, v:1, k:ed@fractais_png, mode:LOCK, rate:0
2026-04-13 22:51:39, MOVE, v:1, k:ed@fractais_png, mode:EDIT
2026-04-13 22:51:39, MOVE, v:1, k:ed@fractais_png, mode:EDIT
2026-04-13 23:37:08, SELF, v:1, k:ed@fractais_png, self:1, rate:10, study:45, friend:Wellington
2026-04-13 23:37:09, MOVE, v:1, k:ed@fractais_png, mode:PICK
2026-04-13 23:37:11, EXEC, v:1, k:ed@fractais_png, mode:LOCK, rate:0
2026-04-13 23:37:12, MOVE, v:1, k:ed@fractais_png, mode:BACK
2026-04-13 23:37:11, MOVE, v:1, k:ed@fractais_png, mode:EDIT
2026-04-13 23:37:11, MOVE, v:1, k:ed@fractais_png, mode:EDIT
2026-04-13 23:41:30, MOVE, v:1, k:ed@fractais_png, mode:EDIT
2026-04-13 23:46:50, MOVE, v:1, k:ed@fractais_png, mode:EDIT
2026-04-13 23:47:02, MOVE, v:1, k:ed@fractais_png, mode:PICK
2026-04-13 23:47:03, EXEC, v:1, k:ed@fractais_png, mode:LOCK, rate:0, size:137
2026-04-13 23:48:13, EXEC, v:1, k:ed@fractais_png, mode:LOCK, rate:0, size:137
2026-04-13 23:49:01, EXEC, v:1, k:ed@fractais_png, mode:LOCK, rate:0, size:137
2026-04-13 23:50:58, EXEC, v:1, k:ed@fractais_png, mode:LOCK, rate:0, size:139
2026-04-13 23:51:40, MOVE, v:1, k:ed@fractais_png, mode:EDIT
2026-04-13 23:50:58, MOVE, v:1, k:ed@fractais_png, mode:EDIT
2026-04-13 23:50:58, MOVE, v:1, k:ed@fractais_png, mode:EDIT
2026-04-13 23:55:15, EXEC, v:1, k:ed@fractais_png, mode:LOCK, rate:0, size:133
2026-04-13 23:56:22, EXEC, v:1, k:ed@fractais_png, mode:LOCK, rate:0, size:133
2026-04-13 23:56:44, EXEC, v:1, k:ed@fractais_png, mode:LOCK, rate:0, size:133
2026-04-13 23:56:44, MOVE, v:1, k:ed@fractais_png, mode:EDIT
2026-04-13 23:56:44, MOVE, v:1, k:ed@fractais_png, mode:EDIT
2026-04-13 23:56:44, MOVE, v:1, k:ed@fractais_png, mode:EDIT
2026-04-13 23:58:02, EXEC, v:1, k:ed@fractais_png, mode:LOCK, rate:0, size:133
2026-04-13 23:58:29, EXEC, v:1, k:ed@fractais_png, mode:LOCK, rate:0
2026-04-13 23:59:07, EXEC, v:1, k:ed@fractais_png, mode:LOCK, rate:0, size:133
