2026-06-03 00:08:19, SELF, v:1, k:ed@editorint, self:1, rate:100, study:250, problem:1, refactor:1
2026-06-03 00:08:29, MOVE, v:1, k:ed@lista_d2, mode:PICK
2026-06-03 00:08:33, EXEC, v:1, k:ed@lista_d2, mode:FULL, rate:0, size:93
2026-06-03 00:08:32, MOVE, v:1, k:ed@lista_d2, mode:EDIT
2026-06-03 00:14:56, MOVE, v:1, k:ed@lista_d2, mode:EDIT
2026-06-03 00:15:11, EXEC, v:1, k:ed@lista_d2, mode:FULL, rate:0, size:119
2026-06-03 00:19:55, MOVE, v:1, k:ed@lista_d2, mode:EDIT
2026-06-03 00:15:11, MOVE, v:1, k:ed@lista_d2, mode:EDIT
2026-06-03 00:24:30, MOVE, v:1, k:ed@lista_d2, mode:EDIT
2026-06-03 00:28:49, EXEC, v:1, k:ed@lista_d2, mode:FULL, rate:20, size:215
2026-06-03 00:29:56, MOVE, v:1, k:ed@lista_d2, mode:EDIT
2026-06-03 00:28:49, MOVE, v:1, k:ed@lista_d2, mode:EDIT
2026-06-03 00:34:00, MOVE, v:1, k:ed@lista_d2, mode:EDIT
2026-06-03 00:39:50, EXEC, v:1, k:ed@lista_d2, mode:FULL, rate:20, size:236
2026-06-03 00:39:55, MOVE, v:1, k:ed@lista_d2, mode:EDIT
2026-06-03 00:39:48, MOVE, v:1, k:ed@lista_d2, mode:EDIT
2026-06-03 00:40:03, EXEC, v:1, k:ed@lista_d2, mode:FULL, rate:20, size:236
2026-06-03 00:41:54, MOVE, v:1, k:ed@lista_d2, mode:BACK
2026-06-03 00:55:02, MOVE, v:1, k:ed@lista_d2, mode:PICK
2026-06-03 00:55:09, EXEC, v:1, k:ed@lista_d2, mode:FULL, rate:20
2026-06-03 00:55:07, MOVE, v:1, k:ed@lista_d2, mode:EDIT
2026-06-03 00:59:48, MOVE, v:1, k:ed@lista_d2, mode:EDIT
2026-06-03 01:00:16, EXEC, v:1, k:ed@lista_d2, mode:FULL, rate:40, size:238
2026-06-03 01:01:07, EXEC, v:1, k:ed@lista_d2, mode:FULL, rate:60, size:238
2026-06-03 01:01:11, MOVE, v:1, k:ed@lista_d2, mode:BACK
2026-06-03 01:06:12, MOVE, v:1, k:ed@lista_d2, mode:EDIT
2026-06-03 01:07:37, MOVE, v:1, k:ed@lista_d2, mode:PICK
2026-06-03 01:07:38, EXEC, v:1, k:ed@lista_d2, mode:FULL, rate:60, size:259
2026-06-03 01:08:15, EXEC, v:1, k:ed@lista_d2, mode:FULL, rate:80, size:258
2026-06-03 01:11:18, MOVE, v:1, k:ed@lista_d2, mode:EDIT
2026-06-03 01:08:15, MOVE, v:1, k:ed@lista_d2, mode:EDIT
2026-06-03 01:14:50, EXEC, v:1, k:ed@lista_d2, mode:FULL, rate:80, size:275
2026-06-03 01:15:09, EXEC, v:1, k:ed@lista_d2, mode:FULL, rate:100, size:275
2026-06-03 01:15:29, EXEC, v:1, k:ed@lista_d2, mode:FULL, rate:100, size:275
2026-06-03 01:15:55, EXEC, v:1, k:ed@lista_d2, mode:FULL, rate:100, size:277
2026-06-03 01:16:02, MOVE, v:1, k:ed@lista_d2, mode:BACK
2026-06-03 01:16:28, SELF, v:1, k:ed@lista_d2, self:1, rate:100, study:60
2026-06-03 01:17:23, SELF, v:1, k:ed@editorint, self:1, rate:100, study:250, problem:1, refactor:1
2026-06-03 01:17:49, MOVE, v:1, k:ed@chaves, mode:DOWN
2026-06-03 01:19:18, MOVE, v:1, k:ed@queimando, mode:PICK
