2026-05-26 00:04:30, MOVE, v:1, k:ed@vetbuild, mode:PICK
2026-05-26 00:04:33, EXEC, v:1, k:ed@vetbuild, mode:FULL, fail:COMP
2026-05-26 00:06:13, EXEC, v:1, k:ed@vetbuild, mode:FULL, size:132, fail:COMP
2026-05-26 00:06:28, EXEC, v:1, k:ed@vetbuild, mode:FULL, size:132, fail:COMP
2026-05-26 00:06:57, EXEC, v:1, k:ed@vetbuild, mode:FULL, rate:0, size:132
2026-05-26 00:06:55, MOVE, v:1, k:ed@vetbuild, mode:EDIT
2026-05-26 00:06:57, MOVE, v:1, k:ed@vetbuild, mode:EDIT
2026-05-26 00:11:51, MOVE, v:1, k:ed@vetbuild, mode:EDIT
2026-05-26 00:17:14, MOVE, v:1, k:ed@vetbuild, mode:EDIT
2026-05-26 00:19:25, EXEC, v:1, k:ed@vetbuild, mode:FULL, rate:0, size:140
2026-05-26 00:22:14, MOVE, v:1, k:ed@vetbuild, mode:EDIT
2026-05-26 00:19:25, MOVE, v:1, k:ed@vetbuild, mode:EDIT
2026-05-26 00:24:56, EXEC, v:1, k:ed@vetbuild, mode:FULL, size:150, fail:COMP
2026-05-26 00:26:02, MOVE, v:1, k:ed@vetbuild, mode:BACK
2026-05-26 00:27:21, MOVE, v:1, k:ed@vetbuild, mode:PICK
2026-05-26 00:28:07, EXEC, v:1, k:ed@vetbuild, mode:FULL, size:150, fail:COMP
2026-05-26 00:31:03, MOVE, v:1, k:ed@vetbuild, mode:EDIT
2026-05-26 00:36:18, MOVE, v:1, k:ed@vetbuild, mode:EDIT
2026-05-26 00:36:42, EXEC, v:1, k:ed@vetbuild, mode:FULL, rate:0, size:168
2026-05-26 00:37:40, EXEC, v:1, k:ed@vetbuild, mode:FULL, rate:0, size:168
2026-05-26 00:40:17, EXEC, v:1, k:ed@vetbuild, mode:FULL, rate:0, size:168
2026-05-26 00:40:16, MOVE, v:1, k:ed@vetbuild, mode:EDIT
2026-05-26 00:40:17, MOVE, v:1, k:ed@vetbuild, mode:EDIT
2026-05-26 00:42:46, EXEC, v:1, k:ed@vetbuild, mode:FULL, rate:0, size:173
2026-05-26 00:43:15, EXEC, v:1, k:ed@vetbuild, mode:FULL, rate:9, size:170
2026-05-26 00:43:38, MOVE, v:1, k:ed@vetbuild, mode:BACK
2026-05-26 00:45:27, MOVE, v:1, k:ed@vetbuild, mode:PICK
2026-05-26 00:45:30, EXEC, v:1, k:ed@vetbuild, mode:FULL, rate:9
2026-05-26 00:45:30, MOVE, v:1, k:ed@vetbuild, mode:EDIT
2026-05-26 00:47:49, MOVE, v:1, k:ed@vetbuild, mode:EDIT
2026-05-26 00:49:44, EXEC, v:1, k:ed@vetbuild, mode:FULL, rate:9, size:174
2026-05-26 00:49:59, EXEC, v:1, k:ed@vetbuild, mode:FULL, rate:9, size:174
2026-05-26 00:50:20, EXEC, v:1, k:ed@vetbuild, mode:FULL, rate:9, size:174
2026-05-26 00:51:28, EXEC, v:1, k:ed@vetbuild, mode:FULL, rate:9, size:174
2026-05-26 00:52:11, EXEC, v:1, k:ed@vetbuild, mode:FULL, rate:9
2026-05-26 00:52:11, MOVE, v:1, k:ed@vetbuild, mode:EDIT
2026-05-26 00:53:53, MOVE, v:1, k:ed@vetbuild, mode:EDIT
2026-05-26 00:55:31, EXEC, v:1, k:ed@vetbuild, mode:FULL, rate:18, size:178
2026-05-26 00:56:32, EXEC, v:1, k:ed@vetbuild, mode:FULL, rate:36, size:178
2026-05-26 00:56:31, MOVE, v:1, k:ed@vetbuild, mode:EDIT
2026-05-26 00:56:32, MOVE, v:1, k:ed@vetbuild, mode:EDIT
2026-05-26 01:00:43, EXEC, v:1, k:ed@vetbuild, mode:FULL, rate:45, size:182
2026-05-26 01:03:49, MOVE, v:1, k:ed@vetbuild, mode:EDIT
2026-05-26 01:00:43, MOVE, v:1, k:ed@vetbuild, mode:EDIT
2026-05-26 01:08:51, MOVE, v:1, k:ed@vetbuild, mode:EDIT
2026-05-26 01:09:34, EXEC, v:1, k:ed@vetbuild, mode:FULL, rate:45, size:199
2026-05-26 01:11:06, EXEC, v:1, k:ed@vetbuild, mode:FULL, rate:45, size:200
2026-05-26 01:11:19, EXEC, v:1, k:ed@vetbuild, mode:FULL, rate:45, size:200
2026-05-26 01:11:42, MOVE, v:1, k:ed@vetbuild, mode:BACK
2026-05-26 01:11:53, MOVE, v:1, k:ed@vetbuild, mode:PICK
2026-05-26 01:11:55, EXEC, v:1, k:ed@vetbuild, mode:FULL, rate:45
2026-05-26 01:14:58, EXEC, v:1, k:ed@vetbuild, mode:FULL, rate:63, size:200
2026-05-26 01:15:11, MOVE, v:1, k:ed@vetbuild, mode:BACK
