2026-04-27 00:08:14, MOVE, v:1, k:ed@iterador, mode:DOWN
2026-04-27 00:08:16, MOVE, v:1, k:ed@iterador, mode:PICK
2026-04-27 00:09:39, MOVE, v:1, k:ed@iterador, mode:BACK
2026-04-27 00:10:57, MOVE, v:1, k:ed@iterador, mode:PICK
2026-04-27 00:15:09, MOVE, v:1, k:ed@iterador, mode:BACK
2026-04-27 00:15:23, MOVE, v:1, k:ed@multiset, mode:DOWN
2026-04-27 00:15:23, MOVE, v:1, k:ed@multiset, mode:EDIT
2026-04-27 00:15:23, MOVE, v:1, k:ed@multiset, mode:EDIT
2026-04-27 00:15:23, MOVE, v:1, k:ed@multiset, mode:EDIT
2026-04-27 00:15:23, MOVE, v:1, k:ed@multiset, mode:EDIT
2026-04-27 00:18:32, MOVE, v:1, k:ed@iterador, mode:PICK
2026-04-27 00:27:03, MOVE, v:1, k:ed@iterador, mode:BACK
2026-04-27 00:27:07, MOVE, v:1, k:ed@iterador, mode:PICK
2026-04-27 00:27:08, MOVE, v:1, k:ed@iterador, mode:BACK
2026-04-27 00:31:20, MOVE, v:1, k:ed@iterador, mode:EDIT
2026-04-27 00:35:16, MOVE, v:1, k:ed@iterador, mode:EDIT
2026-04-27 00:42:12, MOVE, v:1, k:ed@iterador, mode:EDIT
2026-04-27 00:43:31, MOVE, v:1, k:ed@iterador, mode:PICK
2026-04-27 00:43:33, EXEC, v:1, k:ed@iterador, mode:FULL, rate:33, size:87
2026-04-27 00:43:45, MOVE, v:1, k:ed@iterador, mode:BACK
2026-04-27 22:27:42, MOVE, v:1, k:ed@iterador, mode:PICK
2026-04-27 22:27:55, EXEC, v:1, k:ed@iterador, mode:FULL, rate:33, size:88
2026-04-27 22:30:53, EXEC, v:1, k:ed@iterador, mode:FULL, rate:33
2026-04-27 22:30:53, MOVE, v:1, k:ed@iterador, mode:EDIT
2026-04-27 22:35:00, MOVE, v:1, k:ed@iterador, mode:EDIT
2026-04-27 22:40:28, MOVE, v:1, k:ed@iterador, mode:EDIT
2026-04-27 22:45:56, MOVE, v:1, k:ed@iterador, mode:EDIT
2026-04-27 22:50:56, MOVE, v:1, k:ed@iterador, mode:EDIT
2026-04-27 22:56:07, MOVE, v:1, k:ed@iterador, mode:EDIT
2026-04-27 22:59:58, MOVE, v:1, k:ed@iterador, mode:EDIT
2026-04-27 23:04:03, MOVE, v:1, k:ed@iterador, mode:EDIT
2026-04-27 23:07:03, EXEC, v:1, k:ed@iterador, mode:FULL, rate:33, size:95
2026-04-27 23:10:53, MOVE, v:1, k:ed@iterador, mode:EDIT
2026-04-27 23:07:03, MOVE, v:1, k:ed@iterador, mode:EDIT
2026-04-27 23:14:09, MOVE, v:1, k:ed@iterador, mode:EDIT
2026-04-27 23:21:14, EXEC, v:1, k:ed@iterador, mode:FULL, rate:33, size:105
2026-04-27 23:21:10, MOVE, v:1, k:ed@iterador, mode:EDIT
2026-04-27 23:21:14, MOVE, v:1, k:ed@iterador, mode:EDIT
2026-04-27 23:21:21, MOVE, v:1, k:ed@iterador, mode:BACK
2026-04-27 23:21:39, MOVE, v:1, k:ed@iterador, mode:PICK
2026-04-27 23:21:41, EXEC, v:1, k:ed@iterador, mode:FULL, rate:33
2026-04-27 23:21:41, MOVE, v:1, k:ed@iterador, mode:EDIT
2026-04-27 23:24:49, MOVE, v:1, k:ed@iterador, mode:EDIT
2026-04-27 23:30:57, MOVE, v:1, k:ed@iterador, mode:EDIT
2026-04-27 23:36:55, MOVE, v:1, k:ed@iterador, mode:EDIT
2026-04-27 23:46:30, MOVE, v:1, k:ed@iterador, mode:EDIT
2026-04-27 23:51:12, MOVE, v:1, k:ed@iterador, mode:EDIT
2026-04-27 23:55:50, MOVE, v:1, k:ed@iterador, mode:EDIT
