2026-05-31 22:59:55, SELF, v:1, k:ed@editorint, self:1, rate:100, study:240, problem:1, refactor:1
2026-05-31 23:00:13, SELF, v:1, k:ed@editorint, self:1, rate:100, study:240, problem:1, refactor:1
2026-05-31 23:00:29, MOVE, v:1, k:ed@lista_d1, mode:PICK
2026-05-31 23:01:07, MOVE, v:1, k:ed@lista_d1, mode:BACK
2026-05-31 23:03:21, MOVE, v:1, k:ed@lista_d1, mode:PICK
2026-05-31 23:08:13, MOVE, v:1, k:ed@lista_d1, mode:EDIT
2026-05-31 23:09:06, MOVE, v:1, k:ed@lista_d1, mode:BACK
2026-05-31 23:13:23, MOVE, v:1, k:ed@lista_d1, mode:EDIT
2026-05-31 23:14:22, MOVE, v:1, k:ed@lista_d1, mode:PICK
2026-05-31 23:18:20, MOVE, v:1, k:ed@lista_d1, mode:EDIT
2026-05-31 23:23:03, MOVE, v:1, k:ed@lista_d1, mode:EDIT
2026-05-31 23:28:23, MOVE, v:1, k:ed@lista_d1, mode:EDIT
2026-05-31 23:32:48, EXEC, v:1, k:ed@lista_d1, mode:FULL, rate:42, size:120
2026-05-31 23:32:48, EXEC, v:1, k:ed@lista_d1, mode:FULL, rate:42, size:120
2026-05-31 23:32:31, MOVE, v:1, k:ed@lista_d1, mode:EDIT
2026-05-31 23:32:48, MOVE, v:1, k:ed@lista_d1, mode:EDIT
2026-05-31 23:34:50, MOVE, v:1, k:ed@lista_d1, mode:BACK
2026-05-31 23:37:43, MOVE, v:1, k:ed@lista_d1, mode:PICK
2026-05-31 23:37:47, EXEC, v:1, k:ed@lista_d1, mode:FULL, rate:42, size:120
2026-05-31 23:42:11, EXEC, v:1, k:ed@lista_d1, mode:FULL, rate:42, size:134
2026-05-31 23:42:11, MOVE, v:1, k:ed@lista_d1, mode:EDIT
2026-05-31 23:42:08, MOVE, v:1, k:ed@lista_d1, mode:EDIT
2026-05-31 23:44:54, EXEC, v:1, k:ed@lista_d1, mode:FULL, rate:57, size:134
2026-05-31 23:46:15, EXEC, v:1, k:ed@lista_d1, mode:FULL, rate:71, size:134
2026-05-31 23:47:31, MOVE, v:1, k:ed@lista_d1, mode:EDIT
2026-05-31 23:46:15, MOVE, v:1, k:ed@lista_d1, mode:EDIT
2026-05-31 23:51:21, EXEC, v:1, k:ed@lista_d1, mode:FULL, rate:85, size:149
2026-05-31 23:52:34, MOVE, v:1, k:ed@lista_d1, mode:EDIT
2026-05-31 23:51:21, MOVE, v:1, k:ed@lista_d1, mode:EDIT
2026-05-31 23:53:37, EXEC, v:1, k:ed@lista_d1, mode:FULL, rate:85, size:158
2026-05-31 23:53:46, EXEC, v:1, k:ed@lista_d1, mode:FULL, rate:100, size:158
2026-05-31 23:53:55, MOVE, v:1, k:ed@lista_d1, mode:BACK
2026-05-31 23:55:03, SELF, v:1, k:ed@lista_d1, self:1, rate:100, study:80, concept:1
2026-05-31 23:55:26, SELF, v:1, k:ed@editorint, self:1, study:300, problem:1, refactor:1
2026-05-31 23:55:40, SELF, v:1, k:ed@editorint, self:1, rate:100, study:300, problem:1, refactor:1
