2026-06-30 03:08:37, MOVE, v:1, k:ed@clonar, mode:DOWN
2026-06-30 03:08:59, MOVE, v:1, k:ed@clonar, mode:PICK
2026-06-30 03:10:56, EXEC, v:1, k:ed@clonar, mode:FULL, rate:0, size:76
2026-06-30 03:08:37, MOVE, v:1, k:ed@clonar, mode:EDIT
2026-06-30 03:08:37, MOVE, v:1, k:ed@clonar, mode:EDIT
2026-06-30 03:10:56, MOVE, v:1, k:ed@clonar, mode:EDIT
2026-06-30 03:16:47, EXEC, v:1, k:ed@clonar, mode:FULL, rate:0
2026-06-30 03:16:47, MOVE, v:1, k:ed@clonar, mode:EDIT
2026-06-30 03:18:08, MOVE, v:1, k:ed@clonar, mode:EDIT
2026-06-30 03:19:13, EXEC, v:1, k:ed@clonar, mode:FULL, rate:100, size:85
2026-06-30 03:19:20, MOVE, v:1, k:ed@clonar, mode:BACK
2026-06-30 03:19:44, SELF, v:1, k:ed@clonar, self:1, rate:100, study:10
2026-06-30 03:21:15, MOVE, v:1, k:ed@soma, mode:DOWN
2026-06-30 03:22:05, MOVE, v:1, k:ed@soma, mode:PICK
2026-06-30 03:22:08, EXEC, v:1, k:ed@soma, mode:FULL, rate:0, size:83
2026-06-30 03:21:15, MOVE, v:1, k:ed@soma, mode:EDIT
2026-06-30 03:24:19, MOVE, v:1, k:ed@soma, mode:EDIT
2026-06-30 03:22:08, MOVE, v:1, k:ed@soma, mode:EDIT
2026-06-30 03:26:26, EXEC, v:1, k:ed@soma, mode:FULL, rate:28, size:89
2026-06-30 03:27:10, EXEC, v:1, k:ed@soma, mode:FULL, rate:42, size:89
2026-06-30 03:28:35, MOVE, v:1, k:ed@soma, mode:EDIT
2026-06-30 03:27:10, MOVE, v:1, k:ed@soma, mode:EDIT
2026-06-30 03:34:11, EXEC, v:1, k:ed@soma, mode:FULL, rate:100, size:107
2026-06-30 03:34:14, MOVE, v:1, k:ed@soma, mode:BACK
2026-06-30 03:35:24, SELF, v:1, k:ed@soma, self:1, rate:100, study:15, friend:Juliana Barbosa
2026-06-30 22:41:15, MOVE, v:1, k:ed@serial, mode:DOWN
2026-06-30 22:41:48, MOVE, v:1, k:ed@serial, mode:PICK
2026-06-30 22:43:20, EXEC, v:1, k:ed@serial, mode:FULL, rate:0, size:65
2026-06-30 22:41:15, MOVE, v:1, k:ed@serial, mode:EDIT
2026-06-30 22:45:57, MOVE, v:1, k:ed@serial, mode:EDIT
2026-06-30 22:43:20, MOVE, v:1, k:ed@serial, mode:EDIT
2026-06-30 22:50:16, EXEC, v:1, k:ed@serial, mode:FULL, rate:0, size:80
2026-06-30 22:50:43, EXEC, v:1, k:ed@serial, mode:FULL, rate:0, size:81
2026-06-30 22:50:41, MOVE, v:1, k:ed@serial, mode:EDIT
2026-06-30 22:50:43, MOVE, v:1, k:ed@serial, mode:EDIT
2026-06-30 22:54:42, EXEC, v:1, k:ed@serial, mode:FULL, rate:100, size:81
2026-06-30 22:54:47, MOVE, v:1, k:ed@serial, mode:BACK
2026-06-30 22:55:02, MOVE, v:1, k:ed@serial, mode:PICK
2026-06-30 22:55:06, MOVE, v:1, k:ed@serial, mode:BACK
2026-06-30 22:55:42, MOVE, v:1, k:ed@serial, mode:PICK
2026-06-30 22:55:45, EXEC, v:1, k:ed@serial, mode:FULL, rate:100
2026-06-30 22:55:47, MOVE, v:1, k:ed@serial, mode:BACK
2026-06-30 22:56:09, SELF, v:1, k:ed@serial, self:1, rate:100, study:15, concept:1
2026-06-30 22:56:43, MOVE, v:1, k:ed@formatada, mode:DOWN
2026-06-30 22:56:49, MOVE, v:1, k:ed@formatada, mode:PICK
2026-06-30 22:57:25, MOVE, v:1, k:ed@formatada, mode:BACK
2026-06-30 22:57:27, MOVE, v:1, k:ed@formatada, mode:PICK
2026-06-30 22:57:37, MOVE, v:1, k:ed@formatada, mode:BACK
2026-06-30 22:58:06, MOVE, v:1, k:ed@formatada, mode:PICK
2026-06-30 22:58:17, EXEC, v:1, k:ed@formatada, mode:FULL, rate:0, size:72
2026-06-30 22:58:56, MOVE, v:1, k:ed@formatada, mode:BACK
