2026-06-24 00:00:53, MOVE, v:1, k:ed@enesimo, mode:PICK
2026-06-24 00:02:29, MOVE, v:1, k:ed@enesimo, mode:PICK
2026-06-24 00:05:49, MOVE, v:1, k:ed@enesimo, mode:BACK
2026-06-24 00:07:19, MOVE, v:1, k:ed@enesimo, mode:EDIT
2026-06-24 00:08:25, MOVE, v:1, k:ed@enesimo, mode:PICK
2026-06-24 00:08:27, EXEC, v:1, k:ed@enesimo, mode:FULL, size:37, fail:COMP
2026-06-24 00:09:11, MOVE, v:1, k:ed@enesimo, mode:BACK
2026-06-24 00:10:33, MOVE, v:1, k:ed@enesimo, mode:PICK
2026-06-24 00:10:55, MOVE, v:1, k:ed@enesimo, mode:BACK
2026-06-24 00:15:16, MOVE, v:1, k:ed@enesimo, mode:PICK
2026-06-24 00:18:32, EXEC, v:1, k:ed@enesimo, mode:FULL, rate:0, size:43
2026-06-24 00:18:41, EXEC, v:1, k:ed@enesimo, mode:FULL, rate:100, size:43
2026-06-24 00:18:40, MOVE, v:1, k:ed@enesimo, mode:EDIT
2026-06-24 00:18:41, MOVE, v:1, k:ed@enesimo, mode:EDIT
2026-06-24 00:20:19, MOVE, v:1, k:ed@enesimo, mode:BACK
2026-06-24 00:20:41, SELF, v:1, k:ed@enesimo, self:1, rate:100, study:15
2026-06-24 00:27:57, MOVE, v:1, k:ed@escada, mode:DOWN
2026-06-24 00:28:33, MOVE, v:1, k:ed@priminhos, mode:PICK
2026-06-24 00:29:12, EXEC, v:1, k:ed@priminhos, mode:FULL, rate:0, size:5
2026-06-24 00:32:30, MOVE, v:1, k:ed@priminhos, mode:BACK
2026-06-24 00:27:57, MOVE, v:1, k:ed@escada, mode:EDIT
2026-06-24 00:27:57, MOVE, v:1, k:ed@escada, mode:EDIT
2026-06-24 00:29:12, MOVE, v:1, k:ed@priminhos, mode:EDIT
2026-06-24 00:31:23, MOVE, v:1, k:ed@priminhos, mode:EDIT
2026-06-24 00:33:58, MOVE, v:1, k:ed@priminhos, mode:PICK
2026-06-24 00:37:31, MOVE, v:1, k:ed@priminhos, mode:EDIT
2026-06-24 00:41:41, EXEC, v:1, k:ed@priminhos, mode:FULL, rate:25, size:39
2026-06-24 00:42:05, EXEC, v:1, k:ed@priminhos, mode:FULL, rate:50, size:39
2026-06-24 00:42:02, MOVE, v:1, k:ed@priminhos, mode:EDIT
2026-06-24 00:42:05, MOVE, v:1, k:ed@priminhos, mode:EDIT
2026-06-24 00:44:13, EXEC, v:1, k:ed@priminhos, mode:FULL, rate:100, size:39
2026-06-24 00:44:22, MOVE, v:1, k:ed@priminhos, mode:BACK
2026-06-24 00:44:50, SELF, v:1, k:ed@priminhos, self:1, rate:100, study:13
