2026-04-15 00:01:55, EXEC, v:1, k:ed@fractais_png, mode:LOCK, rate:0, size:147
2026-04-15 00:02:10, EXEC, v:1, k:ed@fractais_png, mode:LOCK, rate:0, size:147
2026-04-15 00:02:53, EXEC, v:1, k:ed@fractais_png, mode:LOCK, rate:0, size:146
2026-04-15 00:03:24, EXEC, v:1, k:ed@fractais_png, mode:LOCK, rate:0, size:146
2026-04-15 00:03:27, EXEC, v:1, k:ed@fractais_png, mode:LOCK, rate:0
2026-04-15 00:03:58, EXEC, v:1, k:ed@fractais_png, mode:LOCK, rate:0, size:146
2026-04-15 00:05:12, EXEC, v:1, k:ed@fractais_png, mode:LOCK, rate:0, size:147
2026-04-15 00:05:21, EXEC, v:1, k:ed@fractais_png, mode:LOCK, rate:0, size:147
2026-04-15 00:05:20, MOVE, v:1, k:ed@fractais_png, mode:EDIT
2026-04-15 00:05:20, MOVE, v:1, k:ed@fractais_png, mode:EDIT
2026-04-15 00:05:20, MOVE, v:1, k:ed@fractais_png, mode:EDIT
2026-04-15 00:05:47, EXEC, v:1, k:ed@fractais_png, mode:LOCK, rate:0, size:147
2026-04-15 00:05:56, EXEC, v:1, k:ed@fractais_png, mode:LOCK, rate:0, size:147
2026-04-15 00:06:19, EXEC, v:1, k:ed@fractais_png, mode:LOCK, rate:0, size:147
2026-04-15 00:07:06, EXEC, v:1, k:ed@fractais_png, mode:FULL, size:147, fail:COMP
2026-04-15 00:07:32, EXEC, v:1, k:ed@fractais_png, mode:LOCK, rate:0, size:147
2026-04-15 00:07:33, EXEC, v:1, k:ed@fractais_png, mode:LOCK, rate:0
2026-04-15 00:08:06, EXEC, v:1, k:ed@fractais_png, mode:LOCK, rate:0, size:147
2026-04-15 00:08:25, EXEC, v:1, k:ed@fractais_png, mode:LOCK, rate:0, size:147
2026-04-15 00:08:52, EXEC, v:1, k:ed@fractais_png, mode:LOCK, rate:0, size:147
2026-04-15 00:08:59, EXEC, v:1, k:ed@fractais_png, mode:LOCK, rate:0, size:147
2026-04-15 00:09:04, EXEC, v:1, k:ed@fractais_png, mode:LOCK, rate:0, size:147
2026-04-15 00:09:13, EXEC, v:1, k:ed@fractais_png, mode:LOCK, rate:0, size:147
2026-04-15 00:09:22, EXEC, v:1, k:ed@fractais_png, mode:LOCK, rate:0
2026-04-15 00:09:30, EXEC, v:1, k:ed@fractais_png, mode:LOCK, rate:0, size:147
2026-04-15 00:09:43, EXEC, v:1, k:ed@fractais_png, mode:LOCK, rate:0, size:147
2026-04-15 00:09:56, EXEC, v:1, k:ed@fractais_png, mode:LOCK, rate:0, size:147
2026-04-15 00:10:03, EXEC, v:1, k:ed@fractais_png, mode:LOCK, rate:0, size:147
2026-04-15 00:10:08, EXEC, v:1, k:ed@fractais_png, mode:LOCK, rate:0
2026-04-15 00:10:03, MOVE, v:1, k:ed@fractais_png, mode:EDIT
2026-04-15 00:10:08, MOVE, v:1, k:ed@fractais_png, mode:EDIT
2026-04-15 00:10:08, MOVE, v:1, k:ed@fractais_png, mode:EDIT
2026-04-15 00:11:14, EXEC, v:1, k:ed@fractais_png, mode:LOCK, rate:0, size:147
2026-04-15 00:11:23, EXEC, v:1, k:ed@fractais_png, mode:LOCK, rate:0, size:147
2026-04-15 00:11:43, EXEC, v:1, k:ed@fractais_png, mode:LOCK, rate:0, size:147
2026-04-15 00:12:09, EXEC, v:1, k:ed@fractais_png, mode:LOCK, rate:0, size:147
2026-04-15 00:14:31, EXEC, v:1, k:ed@fractais_png, mode:LOCK, rate:0, size:149
2026-04-15 00:14:43, EXEC, v:1, k:ed@fractais_png, mode:LOCK, rate:0, size:149
2026-04-15 00:15:11, EXEC, v:1, k:ed@fractais_png, mode:LOCK, rate:0, size:147
2026-04-15 00:15:22, MOVE, v:1, k:ed@fractais_png, mode:EDIT
2026-04-15 00:15:11, MOVE, v:1, k:ed@fractais_png, mode:EDIT
2026-04-15 00:15:11, MOVE, v:1, k:ed@fractais_png, mode:EDIT
2026-04-15 00:15:25, EXEC, v:1, k:ed@fractais_png, mode:LOCK, rate:0, size:146
2026-04-15 00:15:42, EXEC, v:1, k:ed@fractais_png, mode:LOCK, rate:0, size:146
2026-04-15 00:18:45, EXEC, v:1, k:ed@fractais_png, mode:LOCK, rate:0, size:146
2026-04-15 00:19:09, EXEC, v:1, k:ed@fractais_png, mode:LOCK, rate:0, size:146
2026-04-15 00:19:19, EXEC, v:1, k:ed@fractais_png, mode:LOCK, rate:0, size:146
2026-04-15 00:19:26, EXEC, v:1, k:ed@fractais_png, mode:LOCK, rate:0, size:146
2026-04-15 00:19:40, EXEC, v:1, k:ed@fractais_png, mode:LOCK, rate:0, size:146
2026-04-15 00:19:45, EXEC, v:1, k:ed@fractais_png, mode:LOCK, rate:0
2026-04-15 00:20:19, EXEC, v:1, k:ed@fractais_png, mode:LOCK, rate:0, size:146
2026-04-15 00:20:16, MOVE, v:1, k:ed@fractais_png, mode:EDIT
2026-04-15 00:20:17, MOVE, v:1, k:ed@fractais_png, mode:EDIT
2026-04-15 00:19:45, MOVE, v:1, k:ed@fractais_png, mode:EDIT
2026-04-15 00:20:45, EXEC, v:1, k:ed@fractais_png, mode:LOCK, rate:0, size:146
2026-04-15 00:20:53, EXEC, v:1, k:ed@fractais_png, mode:LOCK, rate:0, size:146
2026-04-15 00:21:05, EXEC, v:1, k:ed@fractais_png, mode:LOCK, rate:0, size:146
2026-04-15 00:21:12, EXEC, v:1, k:ed@fractais_png, mode:LOCK, rate:0, size:146
2026-04-15 00:21:19, EXEC, v:1, k:ed@fractais_png, mode:LOCK, rate:0, size:146
2026-04-15 00:21:32, EXEC, v:1, k:ed@fractais_png, mode:LOCK, rate:0, size:146
2026-04-15 00:21:38, EXEC, v:1, k:ed@fractais_png, mode:LOCK, rate:0, size:146
2026-04-15 00:21:44, EXEC, v:1, k:ed@fractais_png, mode:LOCK, rate:0, size:146
2026-04-15 00:21:54, EXEC, v:1, k:ed@fractais_png, mode:LOCK, rate:0, size:146
2026-04-15 00:22:03, EXEC, v:1, k:ed@fractais_png, mode:LOCK, rate:0, size:146
2026-04-15 00:22:13, EXEC, v:1, k:ed@fractais_png, mode:LOCK, rate:0, size:146
2026-04-15 00:22:27, EXEC, v:1, k:ed@fractais_png, mode:LOCK, rate:0, size:146
2026-04-15 00:22:35, EXEC, v:1, k:ed@fractais_png, mode:LOCK, rate:0, size:146
2026-04-15 00:22:42, EXEC, v:1, k:ed@fractais_png, mode:LOCK, rate:0, size:146
2026-04-15 00:23:31, EXEC, v:1, k:ed@fractais_png, mode:LOCK, rate:0, size:137
2026-04-15 00:23:59, EXEC, v:1, k:ed@fractais_png, mode:LOCK, rate:0, size:137
2026-04-15 00:24:00, EXEC, v:1, k:ed@fractais_png, mode:LOCK, rate:0
2026-04-15 00:23:59, MOVE, v:1, k:ed@fractais_png, mode:EDIT
2026-04-15 00:23:59, MOVE, v:1, k:ed@fractais_png, mode:EDIT
2026-04-15 00:24:00, MOVE, v:1, k:ed@fractais_png, mode:EDIT
2026-04-15 00:26:03, EXEC, v:1, k:ed@fractais_png, mode:LOCK, rate:0, size:137
2026-04-15 00:26:16, EXEC, v:1, k:ed@fractais_png, mode:LOCK, rate:0, size:137
2026-04-15 00:26:34, EXEC, v:1, k:ed@fractais_png, mode:LOCK, rate:0, size:137
2026-04-15 00:26:34, MOVE, v:1, k:ed@fractais_png, mode:EDIT
2026-04-15 00:26:34, MOVE, v:1, k:ed@fractais_png, mode:EDIT
2026-04-15 00:26:34, MOVE, v:1, k:ed@fractais_png, mode:EDIT
2026-04-15 00:33:12, EXEC, v:1, k:ed@fractais_png, mode:LOCK, rate:0, size:137
2026-04-15 00:33:50, EXEC, v:1, k:ed@fractais_png, mode:LOCK, rate:0, size:137
2026-04-15 00:34:03, MOVE, v:1, k:ed@fractais_png, mode:EDIT
2026-04-15 00:33:50, MOVE, v:1, k:ed@fractais_png, mode:EDIT
2026-04-15 00:33:50, MOVE, v:1, k:ed@fractais_png, mode:EDIT
2026-04-15 00:36:48, EXEC, v:1, k:ed@fractais_png, mode:LOCK, rate:0, size:137
2026-04-15 00:37:03, EXEC, v:1, k:ed@fractais_png, mode:LOCK, rate:0, size:137
2026-04-15 00:37:20, MOVE, v:1, k:ed@fractais_png, mode:BACK
2026-04-15 00:38:53, SELF, v:1, k:ed@fractais_png, self:1, rate:30, study:240, friend:Juliana, problem:1
