2026-04-28 00:01:12, MOVE, v:1, k:ed@iterador, mode:EDIT
2026-04-28 00:06:09, MOVE, v:1, k:ed@iterador, mode:EDIT
2026-04-28 00:11:28, MOVE, v:1, k:ed@iterador, mode:EDIT
2026-04-28 00:11:35, EXEC, v:1, k:ed@iterador, mode:FULL, rate:33, size:108
2026-04-28 00:12:05, EXEC, v:1, k:ed@iterador, mode:FULL, rate:66, size:108
2026-04-28 00:14:01, MOVE, v:1, k:ed@iterador, mode:BACK
2026-04-28 01:15:02, MOVE, v:1, k:ed@iterador, mode:PICK
2026-04-28 01:36:47, MOVE, v:1, k:ed@iterador, mode:EDIT
2026-04-28 01:43:19, MOVE, v:1, k:ed@iterador, mode:EDIT
2026-04-28 01:53:32, MOVE, v:1, k:ed@iterador, mode:EDIT
2026-04-28 01:57:09, EXEC, v:1, k:ed@iterador, mode:FULL, rate:66, size:131
2026-04-28 01:58:29, EXEC, v:1, k:ed@iterador, mode:FULL, rate:100, size:131
2026-04-28 01:58:39, MOVE, v:1, k:ed@iterador, mode:BACK
2026-04-28 02:00:05, SELF, v:1, k:ed@iterador, self:1, rate:100, study:185, friend:Juliana, concept:1, problem:1
2026-04-28 02:01:30, MOVE, v:1, k:ed@multiset, mode:PICK
2026-04-28 02:10:38, MOVE, v:1, k:ed@multiset, mode:EDIT
2026-04-28 02:12:17, MOVE, v:1, k:ed@multiset, mode:BACK
2026-04-28 13:05:19, MOVE, v:1, k:ed@multiset, mode:PICK
2026-04-28 13:08:10, MOVE, v:1, k:ed@multiset, mode:BACK
2026-04-28 13:08:17, MOVE, v:1, k:ed@multiset, mode:PICK
2026-04-28 13:09:01, MOVE, v:1, k:ed@multiset, mode:EDIT
2026-04-28 13:13:05, EXEC, v:1, k:ed@multiset, mode:FULL, size:75, fail:COMP
2026-04-28 13:13:38, MOVE, v:1, k:ed@multiset, mode:EDIT
2026-04-28 13:14:13, MOVE, v:1, k:ed@multiset, mode:BACK
2026-04-28 13:14:16, MOVE, v:1, k:ed@iterador, mode:PICK
2026-04-28 13:14:18, EXEC, v:1, k:ed@iterador, mode:FULL, rate:100
2026-04-28 13:14:26, MOVE, v:1, k:ed@iterador, mode:BACK
2026-04-28 13:33:04, MOVE, v:1, k:ed@iterador, mode:PICK
2026-04-28 13:33:05, EXEC, v:1, k:ed@iterador, mode:FULL, rate:66, size:131
2026-04-28 13:33:27, EXEC, v:1, k:ed@iterador, mode:FULL, rate:100, size:131
2026-04-28 13:33:28, MOVE, v:1, k:ed@iterador, mode:BACK
2026-04-28 13:33:53, SELF, v:1, k:ed@iterador, self:1, rate:100, friend:Juliana, concept:1
2026-04-28 13:34:17, SELF, v:1, k:ed@magicsearch, self:1, rate:100, study:180, friend:Juliana Souza, problem:1
2026-04-28 13:34:52, MOVE, v:1, k:ed@multiset, mode:PICK
2026-04-28 13:35:49, MOVE, v:1, k:ed@multiset, mode:BACK
2026-04-28 14:28:18, MOVE, v:1, k:ed@lista_d1, mode:DOWN
2026-04-28 14:28:20, MOVE, v:1, k:ed@lista_d2, mode:DOWN
2026-04-28 14:28:23, MOVE, v:1, k:ed@lista_d4, mode:DOWN
2026-04-28 14:28:30, MOVE, v:1, k:ed@prin_list2, mode:DOWN
2026-04-28 14:28:33, MOVE, v:1, k:ed@lista_d3, mode:DOWN
2026-04-28 14:28:40, MOVE, v:1, k:ed@editor, mode:DOWN
2026-04-28 14:28:44, MOVE, v:1, k:ed@editorint, mode:DOWN
2026-04-28 14:30:10, MOVE, v:1, k:ed@lista_d1, mode:PICK
2026-04-28 14:33:41, MOVE, v:1, k:ed@lista_d1, mode:EDIT
2026-04-28 14:39:49, MOVE, v:1, k:ed@lista_d1, mode:BACK
2026-04-28 14:39:26, MOVE, v:1, k:ed@lista_d1, mode:EDIT
2026-04-28 19:56:43, MOVE, v:1, k:ed@multiset, mode:EDIT
2026-04-28 20:05:18, MOVE, v:1, k:ed@multiset, mode:EDIT
2026-04-28 20:11:31, MOVE, v:1, k:ed@multiset, mode:PICK
2026-04-28 20:11:32, EXEC, v:1, k:ed@multiset, mode:FULL, size:70, fail:COMP
2026-04-28 20:15:14, MOVE, v:1, k:ed@multiset, mode:EDIT
2026-04-28 20:17:59, MOVE, v:1, k:ed@multiset, mode:EDIT
2026-04-28 20:22:46, MOVE, v:1, k:ed@multiset, mode:EDIT
2026-04-28 20:31:01, EXEC, v:1, k:ed@multiset, mode:FULL, rate:0, size:78
2026-04-28 20:31:10, MOVE, v:1, k:ed@multiset, mode:EDIT
2026-04-28 20:31:01, MOVE, v:1, k:ed@multiset, mode:EDIT
2026-04-28 20:34:43, EXEC, v:1, k:ed@multiset, mode:FULL, rate:0, size:79
2026-04-28 20:36:14, MOVE, v:1, k:ed@multiset, mode:EDIT
2026-04-28 20:34:43, MOVE, v:1, k:ed@multiset, mode:EDIT
2026-04-28 20:39:09, MOVE, v:1, k:ed@multiset, mode:BACK
2026-04-28 20:39:11, MOVE, v:1, k:ed@vetbuild, mode:PICK
2026-04-28 20:40:20, EXEC, v:1, k:ed@vetbuild, mode:FULL, size:130, fail:COMP
2026-04-28 20:41:07, EXEC, v:1, k:ed@vetbuild, mode:FULL, fail:COMP
2026-04-28 20:41:02, MOVE, v:1, k:ed@multiset, mode:EDIT
2026-04-28 20:41:36, EXEC, v:1, k:ed@vetbuild, mode:FULL, fail:COMP
2026-04-28 20:41:52, EXEC, v:1, k:ed@vetbuild, mode:FULL, fail:COMP
2026-04-28 20:41:53, MOVE, v:1, k:ed@vetbuild, mode:BACK
2026-04-28 20:41:56, MOVE, v:1, k:ed@multiset, mode:PICK
2026-04-28 20:41:57, EXEC, v:1, k:ed@multiset, mode:FULL, rate:0, size:81
2026-04-28 20:41:57, MOVE, v:1, k:ed@multiset, mode:EDIT
2026-04-28 20:46:00, MOVE, v:1, k:ed@multiset, mode:EDIT
2026-04-28 20:48:00, EXEC, v:1, k:ed@multiset, mode:FULL, size:82, fail:COMP
2026-04-28 20:48:08, EXEC, v:1, k:ed@multiset, mode:FULL, size:82, fail:COMP
2026-04-28 20:48:32, EXEC, v:1, k:ed@multiset, mode:FULL, rate:0, size:82
2026-04-28 20:48:28, MOVE, v:1, k:ed@multiset, mode:EDIT
2026-04-28 20:48:32, MOVE, v:1, k:ed@multiset, mode:EDIT
2026-04-28 20:55:56, EXEC, v:1, k:ed@multiset, mode:FULL, rate:0, size:82
2026-04-28 20:55:37, MOVE, v:1, k:ed@multiset, mode:EDIT
2026-04-28 20:55:56, MOVE, v:1, k:ed@multiset, mode:EDIT
2026-04-28 20:58:34, MOVE, v:1, k:ed@multiset, mode:EDIT
2026-04-28 21:04:56, EXEC, v:1, k:ed@multiset, mode:FULL, rate:0, size:87
2026-04-28 21:06:04, MOVE, v:1, k:ed@multiset, mode:EDIT
2026-04-28 21:04:56, MOVE, v:1, k:ed@multiset, mode:EDIT
2026-04-28 21:07:40, MOVE, v:1, k:ed@multiset, mode:EDIT
2026-04-28 21:14:27, MOVE, v:1, k:ed@multiset, mode:BACK
2026-04-28 22:28:54, MOVE, v:1, k:ed@treinando, mode:PICK
2026-04-28 22:28:57, EXEC, v:1, k:ed@treinando, mode:FULL, rate:100
2026-04-28 22:29:02, MOVE, v:1, k:ed@treinando, mode:BACK
2026-04-28 22:28:57, MOVE, v:1, k:ed@treinando, mode:EDIT
